==============================================================================
PARTIAL RUN OF THE UNIT SUITE. THIS IS NOT VERIFICATION AND CANNOT BECOME IT.
==============================================================================
  selector    --suite 60_veldo_0053_architecture
  running     1 of 122 suites: 60_veldo_0053_architecture
  skipped     121: 01_warp_0101_reviewer_notes, 02_mobile_ios_runner_b8, 03_plugin_extension_loading_runner, 04_run_status_reader_veldo, 05_tracker_routing_resolver_veldo, 06_capabilities_manifest_honesty_veldo, 07_warp_1103_completion_mandatory, 08_restoration_spec_generation_veldo, 09_action_whitelist_warp_1205, 10_warp_0613_anti_vacuity, 11_inbound_command_receipt_reconcile, 12_warp_1210_hardening_four, 13_warp_0623_codified_live, 14_warp_0717_subset_runner, 15_warp_1402_estimate_record, 15_warp_1404_historical_analogy, 15_warp_1405_reconciliation, 15_warp_1406_normalization, 15_warp_1407_judgment_load, 15_warp_1408_budget_rollup, 15_warp_1409_cost_to_change_per_area, 16_warp_1403_sizing_pass, 17_veldo_0001_falsification_declared, 18_veldo_0011_release_contract, 18_veldo_0012_behaviour_floor_contract, 19_veldo_0002_work_state, 20_veldo_0003_task_source, 21_veldo_0004_promise_corpus, 22_veldo_0005_declared_vs_shipped, 23_veldo_0006_budget_state, 24_veldo_0007_install_and_run, 25_veldo_0008_version, 26_veldo_0009_install_stamp, 27_veldo_0010_evidence_provenance, 28_veldo_0015_clock_standdown, 29_veldo_0016_policy_boundaries, 30_veldo_0017_entity_lifecycle, 31_veldo_0018_release_floor, 32_veldo_0019_combined_graph, 33_veldo_0020_authority, 34_veldo_0022_admission, 35_veldo_0021_completion, 36_veldo_0023_journal, 37_veldo_0024_replica, 38_veldo_0025_membership, 39_veldo_0026_revocation, 40_veldo_0101_capsules, 41_veldo_0103_assessor, 42_veldo_0102_fixval, 43_veldo_0104_proofcheck, 44_veldo_0105_startline, 45_veldo_0106_policyread, 46_veldo_0029_enrollment, 47_veldo_0107_ipc, 48_veldo_0108_relay, 49_veldo_0109_unavailable, 50_git_environment, 51_parser_boundary, 52_writer_boundary, 53_veldo_0123_mutations, 54_veldo_0118_grammar, 55_veldo_0119_agreement, 56_veldo_0027_signing, 57_veldo_0120_policygrammar, 58_veldo_0028_effects, 58_veldo_0036_reservations, 58_veldo_0035_snapshots, 59_veldo_0043_graph, 59_veldo_0037_aliases, 58_veldo_0031_claims, 59_veldo_0031_review, 60_veldo_0052_eligibility, 58_veldo_0046_notifications, 60_veldo_0064_inbox, 61_scope_covers, 62_veldo_0045_runtime, 62_veldo_0054_decisions, 62_veldo_0065_presentations, 62_veldo_0039_dispatch, 63_veldo_0040_containment, 63_veldo_0066_attribution, 63_veldo_0049_floor, 64_veldo_0050_proof, 65_veldo_0132_workflow, 65_veldo_0067_edges, 66_veldo_0042_clones, 66_veldo_0047_authority, 67_veldo_0041_heartbeat, 66_veldo_0051_events, 67_veldo_0056_candidates, 68_veldo_0137_policy_revision, 68_veldo_0126_intake, 69_veldo_0058_gate_output, 67_veldo_0135_offers, 68_veldo_0136_hints, 68_veldo_0134_acceptance, 69_veldo_0068_settlement, 69_veldo_0133_dispositions, 70_veldo_0069_bindings, 70_veldo_0057_landing, 70_veldo_0073_activation, 71_veldo_0076_projects, 71_veldo_0138_channel_service, 72_veldo_0077_objectives, 72_veldo_0075_andon, 72_veldo_0128_reports, 73_veldo_0089_team, 71_veldo_0130_api, 73_veldo_0139_factory_setup, 74_veldo_0140_standing_delegation, 73_veldo_0078_backlog, 75_veldo_0062_accounts, 75_veldo_0150_own_message_acceptance, 76_veldo_0079_grooming, 77_veldo_0149_adopted_activation, 78_veldo_0160_account_pool, 78_veldo_0060_claude_adapter, 79_veldo_0061_codex_adapter, 80_veldo_0155_claude_baseline, 81_veldo_0156_codex_baseline, 82_veldo_0085_decomposition
  why these   the named suites plus their measured prerequisite closure
              (scripts/suites/requires.json). No fragment runs alone: every
              one of them was measured PASSES_IN_AGGREGATE_FAILS_ALONE.
  cannot      emit the aggregate summary line, write .veldo/last_verify, or
              produce a passed unit-evidence record. Each raises PARTIAL_RUN_CANNOT_VERIFY.
  exit        never 0, even when nothing fails.
  done means  `bash scripts/verify.sh` green, and nothing else.
==============================================================================
  /tmp/tmpchbz594r: falsified_by STANDS DOWN for the specs in this corpus that declare no behaviour, recorded rather than passed: falsification migration: 0 spec(s) declare behaviour of 1, 0 already comply, 0 would be refused (0 criterion(s): none), 1 stood down. Posture: REFUSING since 2026-08-11 (01bcdf3). One line per corpus per run; every stand-down is in falsification_standdowns() with the reason it stood down
  /tmp/tmpchbz594r/nocrit.md: no acceptance criteria
  /tmp/tmpchbz594r/vibes.md: unknown evidence kind 'vibes' (canonical: ['baseline', 'design_review', 'device_matrix', 'figma_composite', 'integration', 'interaction_recording', 'journeys', 'operational', 'staging_run', 'ui_states', 'unit'])
  /tmp/tmpchbz594r/status.md: bad status: donezo
  /tmp/tmpchbz594r/proof.json: proof criterion AC9 not in the specification (invented)
  /tmp/tmpchbz594r/proof2.json: spec criterion AC1 missing from proof
  /tmp/tmpchbz594r/proof3.json: required evidence kind 'unit' absent from proof (no matching evidence type or check name)
  /tmp/tmpchbz594r/proof4.json: criterion AC1 passed without evidence
  /tmp/tmpchbz594r/proof4.json: fix validation required, from 5c6473325b19 (policy fix_validation); not applicable: the bundle carries no review evidence taken before its own commit
  /tmp/tmpchbz594r/verdict.json: bad verdict: looks_fine
  /tmp/tmpdy0v2vpx/cycle.md: dependency cycle through WARP-9101
  /tmp/tmpdy0v2vpx/dangle.md: work W2: depends_on WARP-9999 is not a spec of any work item
  /tmp/tmpdy0v2vpx/oref.md: feature F1: unknown outcome ref O7
  /tmp/tmpdy0v2vpx/fref.md: work W1: unknown feature ref F9
  /tmp/tmpdy0v2vpx/nodep.md: work W1: depends_on must be declared (use [] for none): an undeclared dependency is a decision nobody made
  /tmp/tmpdy0v2vpx/noappr.md: status ready requires approved_by: a plan leaves draft only by a recorded human approval
  /tmp/tmpdy0v2vpx/noappr.md: status ready requires approved_at: a plan leaves draft only by a recorded human approval
  /tmp/tmpdy0v2vpx/noblocks.md: open decisions need id, text, and an explicit blocks list ([] if nothing waits on it)
  /tmp/tmpdy0v2vpx/badblock.md: open decision D1: blocks unknown spec WARP-9999
  /tmp/tmpdy0v2vpx/dupspec.md: duplicate spec ids across work items
  /tmp/tmpdy0v2vpx/mode.md: bad release mode: yolo (allowed: ['continuous', 'coordinated'])
  /tmp/tmpdy0v2vpx/PLAN-9001-good.md: mirroring: WARP-9101-first.md exists but does not declare plan: PLAN-9001 / work: W1 (declares plan: PLAN-9001 / work: W2)
  x.md: declares plan PLAN-9002 but no such plan exists
  x.md: plan PLAN-9001 has no work item W9
  x.md: plan and work must be declared together
  60_veldo_0053_architecture                      39 passed    2.20s
selftest (PARTIAL, 1 of 122 suites): 65 passed, 0 failed in 2.20s
PARTIAL RUN: no proof manifest, no evidence claim and no landing decision may cite this. Only a green `bash scripts/verify.sh` means done.
