selftest: UNKNOWN_SUITE: '53' is not a suite this manifest enumerates.
  available (60):
    01_warp_0101_reviewer_notes
    02_mobile_ios_runner_b8
    03_plugin_extension_loading_runner
    04_run_status_reader_veldo
    05_tracker_routing_resolver_veldo
    06_capabilities_manifest_honesty_veldo
    07_warp_1103_completion_mandatory
    08_restoration_spec_generation_veldo
    09_action_whitelist_warp_1205
    10_warp_0613_anti_vacuity
    11_inbound_command_receipt_reconcile
    12_warp_1210_hardening_four
    13_warp_0623_codified_live
    14_warp_0717_subset_runner
    15_warp_1402_estimate_record
    15_warp_1404_historical_analogy
    15_warp_1405_reconciliation
    15_warp_1406_normalization
    15_warp_1407_judgment_load
    15_warp_1408_budget_rollup
    15_warp_1409_cost_to_change_per_area
    16_warp_1403_sizing_pass
    17_veldo_0001_falsification_declared
    18_veldo_0011_release_contract
    18_veldo_0012_behaviour_floor_contract
    19_veldo_0002_work_state
    20_veldo_0003_task_source
    21_veldo_0004_promise_corpus
    22_veldo_0005_declared_vs_shipped
    23_veldo_0006_budget_state
    24_veldo_0007_install_and_run
    25_veldo_0008_version
    26_veldo_0009_install_stamp
    27_veldo_0010_evidence_provenance
    28_veldo_0015_clock_standdown
    29_veldo_0016_policy_boundaries
    30_veldo_0017_entity_lifecycle
    31_veldo_0018_release_floor
    32_veldo_0019_combined_graph
    33_veldo_0020_authority
    34_veldo_0022_admission
    35_veldo_0021_completion
    36_veldo_0023_journal
    37_veldo_0024_replica
    38_veldo_0025_membership
    39_veldo_0026_revocation
    40_veldo_0101_capsules
    41_veldo_0103_assessor
    42_veldo_0102_fixval
    43_veldo_0104_proofcheck
    44_veldo_0105_startline
    45_veldo_0106_policyread
    46_veldo_0029_enrollment
    47_veldo_0107_ipc
    48_veldo_0108_relay
    49_veldo_0109_unavailable
    50_git_environment
    51_parser_boundary
    52_writer_boundary
    53_veldo_0123_mutations

